INFO    -  [macros] - No default module
           `main` found
INFO    -  [macros] - Config
           variables: ['extra',
           'config', 'environment',
           'plugin', 'git', 'mdrm', 'agent',
           'lab', 'generator', 'macros',
           'filters', 'filters_builtin']
INFO    -  [macros] - Config
           macros: ['context',
           'macros_info', 'now', 'fix_url']
INFO    -  [macros] - Config
           filters: ['pretty',
           'relative_url']
INFO    -  Cleaning site directory
INFO    -  Building documentation to
           directory:
           D:/Dropbox/00.우주곰프로젝트/00.MDRM/MDRM
           교육매뉴얼/mkdocs/site
INFO    -  The following pages exist in the
           docs directory, but are not
           included in the "nav"
           configuration:
             -
           troubleshooting/MDRM_TS_샘플_안내박스.md
WARNING -  Doc file 'index.md' contains a
           link
           'operation/MDRM_운영_학습_안내_기본.md',
           but the target is not found among
           documentation files.
WARNING -  Doc file 'index.md' contains a
           link
           'operation/MDRM_운영_학습_안내_실전.md',
           but the target is not found among
           documentation files.
